// Jest Snapshot v1, https://goo.gl/fbAQLP

exports[`Snapshot check help command 1`] = `
Object {
  "alias": "r",
  "description": "Report identify info about the current machine",
  "run": [Function],
}
`;
